Component: ARM Compiler 5.06 update 6 (build 750) Tool: armlink [4d35ed]

==============================================================================

Section Cross References

    app.o(i.app_init) refers to led.o(i.Led_Init) for Led_Init
    app.o(i.app_init) refers to button.o(i.Button_Init) for Button_Init
    app.o(i.app_init) refers to blink.o(i.blink_init) for blink_init
    app.o(i.app_start) refers to button.o(i.Button_GetState) for Button_GetState
    app.o(i.app_start) refers to app.o(i.pwm_G) for pwm_G
    app.o(i.app_start) refers to blink.o(i.Blink_Start2) for Blink_Start2
    app.o(i.app_start) refers to blink.o(i.Blink_Stop) for Blink_Stop
    app.o(i.app_start) refers to app.o(.data) for offPeriod
    app.o(i.pwm_G) refers to app.o(.data) for WaveTime
    blink.o(i.Blink_Start) refers to dio.o(i.Dio_WriteChannel) for Dio_WriteChannel
    blink.o(i.Blink_Start) refers to gpt.o(i.Gpt_Init) for Gpt_Init
    blink.o(i.Blink_Start) refers to gpt.o(i.Gpt_StartTimer) for Gpt_StartTimer
    blink.o(i.Blink_Start) refers to blink.o(.data) for deviceChannel
    blink.o(i.Blink_Start) refers to gpt_lcfg.o(.data) for Gpt_Config
    blink.o(i.Blink_Start) refers to blink.o(i.Blinking_CallBack) for Blinking_CallBack
    blink.o(i.Blink_Start2) refers to gpt.o(i.Gpt_StartTimer) for Gpt_StartTimer
    blink.o(i.Blink_Start2) refers to blink.o(.data) for flag
    blink.o(i.Blink_Stop) refers to gpt.o(i.Gpt_StopTimer) for Gpt_StopTimer
    blink.o(i.Blink_Stop) refers to led.o(i.Led_TurnOff) for Led_TurnOff
    blink.o(i.Blink_Stop) refers to blink.o(.data) for timerChannle
    blink.o(i.Blinking_CallBack) refers to led.o(i.Led_Toggle) for Led_Toggle
    blink.o(i.Blinking_CallBack) refers to blink.o(.data) for deviceChannel
    blink.o(i.Blinking_CallBack2) refers to led.o(i.Led_Toggle) for Led_Toggle
    blink.o(i.Blinking_CallBack2) refers to blink.o(.data) for deviceChannel
    blink.o(i.blink_init) refers to dio.o(i.Dio_WriteChannel) for Dio_WriteChannel
    blink.o(i.blink_init) refers to gpt.o(i.Gpt_Init) for Gpt_Init
    blink.o(i.blink_init) refers to blink.o(.data) for deviceChannel
    blink.o(i.blink_init) refers to gpt_lcfg.o(.data) for Gpt_Config
    blink.o(i.blink_init) refers to blink.o(i.Blinking_CallBack2) for Blinking_CallBack2
    button.o(i.Button_GetState) refers to dio.o(i.Dio_ReadChannel) for Dio_ReadChannel
    button.o(i.Button_Init) refers to port.o(i.Port_Init) for Port_Init
    button.o(i.Button_Init) refers to port_lcfg.o(.constdata) for Port_ConfigType
    dio.o(i.Dio_FlipChannel) refers to dio_lcfg.o(.constdata) for configList
    dio.o(i.Dio_ReadChannel) refers to dio_lcfg.o(.constdata) for configList
    dio.o(i.Dio_ReadPort) refers to dio_lcfg.o(.constdata) for configList
    dio.o(i.Dio_WriteChannel) refers to dio_lcfg.o(.constdata) for configList
    dio.o(i.Dio_WritePort) refers to dio_lcfg.o(.constdata) for configList
    gpt.o(i.Gpt_DisableNotification) refers to intctrl.o(i.IntCtrl_DisableInterrupt) for IntCtrl_DisableInterrupt
    gpt.o(i.Gpt_DisableNotification) refers to gpt_lcfg.o(.data) for Gpt_Config
    gpt.o(i.Gpt_EnableNotification) refers to intctrl.o(i.IntCtrl_EnableInterrupt) for IntCtrl_EnableInterrupt
    gpt.o(i.Gpt_EnableNotification) refers to gpt_lcfg.o(.data) for Gpt_Config
    gpt.o(i.Gpt_GetTimeElapsed) refers to lludivv7m.o(.text) for __aeabi_uldivmod
    gpt.o(i.Gpt_GetTimeElapsed) refers to gpt_lcfg.o(.data) for Gpt_Config
    gpt.o(i.Gpt_GetTimeRemaining) refers to lludivv7m.o(.text) for __aeabi_uldivmod
    gpt.o(i.Gpt_GetTimeRemaining) refers to gpt_lcfg.o(.data) for Gpt_Config
    gpt.o(i.Gpt_Init) refers to intctrl.o(i.IntCtrl_EnableInterrupt) for IntCtrl_EnableInterrupt
    gpt.o(i.Gpt_StartTimer) refers to gpt_lcfg.o(.data) for Gpt_Config
    gpt.o(i.Gpt_StopTimer) refers to gpt_lcfg.o(.data) for Gpt_Config
    gpt_lcfg.o(i.Gpt_Notification_0) refers to dio.o(i.Dio_FlipChannel) for Dio_FlipChannel
    gpt_lcfg.o(i.Gpt_Notification_0) refers to gpt_lcfg.o(.data) for Timer0_Counter
    gpt_lcfg.o(i.Gpt_Notification_1) refers to gpt_lcfg.o(.data) for Timer0_Counter
    gpt_lcfg.o(i.TIMER0A_Handler) refers to gpt_lcfg.o(.data) for Gpt_Config
    gpt_lcfg.o(i.TIMER1A_Handler) refers to gpt_lcfg.o(.data) for Gpt_Config
    gpt_lcfg.o(.data) refers to gpt_lcfg.o(i.Gpt_Notification_0) for Gpt_Notification_0
    gpt_lcfg.o(.data) refers to gpt_lcfg.o(i.Gpt_Notification_1) for Gpt_Notification_1
    gpt_lcfg.o(.data) refers to gpt_lcfg.o(i.Gpt_Notification_2) for Gpt_Notification_2
    gpt_lcfg.o(.data) refers to gpt_lcfg.o(i.Gpt_Notification_3) for Gpt_Notification_3
    gpt_lcfg.o(.data) refers to gpt_lcfg.o(i.Gpt_Notification_4) for Gpt_Notification_4
    gpt_lcfg.o(.data) refers to gpt_lcfg.o(i.Gpt_Notification_5) for Gpt_Notification_5
    gpt_lcfg.o(.data) refers to gpt_lcfg.o(i.Gpt_Notification_6) for Gpt_Notification_6
    gpt_lcfg.o(.data) refers to gpt_lcfg.o(i.Gpt_Notification_7) for Gpt_Notification_7
    gpt_lcfg.o(.data) refers to gpt_lcfg.o(i.Gpt_Notification_8) for Gpt_Notification_8
    gpt_lcfg.o(.data) refers to gpt_lcfg.o(i.Gpt_Notification_9) for Gpt_Notification_9
    gpt_lcfg.o(.data) refers to gpt_lcfg.o(i.Gpt_Notification_10) for Gpt_Notification_10
    gpt_lcfg.o(.data) refers to gpt_lcfg.o(i.Gpt_Notification_11) for Gpt_Notification_11
    input.o(i.Input_GetNumOfPresses) refers to led.o(i.Led_Init) for Led_Init
    input.o(i.Input_GetNumOfPresses) refers to button.o(i.Button_Init) for Button_Init
    input.o(i.Input_GetNumOfPresses) refers to button.o(i.Button_GetState) for Button_GetState
    input.o(i.Input_GetNumOfPresses) refers to led.o(i.Led_TurnOn) for Led_TurnOn
    input.o(i.Input_GetNumOfPresses) refers to led.o(i.Led_TurnOff) for Led_TurnOff
    intctrl.o(i.IntCrtl_Init) refers to intctrl_lcfg.o(.data) for IntCtrl_Config
    intctrl.o(i.IntCtrl_DisableInterrupt) refers to intctrl_lcfg.o(.data) for IntCtrl_Config
    intctrl.o(i.IntCtrl_EnableInterrupt) refers to intctrl_lcfg.o(.data) for IntCtrl_Config
    led.o(i.Led_Init) refers to port.o(i.Port_Init) for Port_Init
    led.o(i.Led_Init) refers to port_lcfg.o(.constdata) for Port_ConfigType
    led.o(i.Led_RefreshOutput) refers to dio.o(i.Dio_ReadChannel) for Dio_ReadChannel
    led.o(i.Led_RefreshOutput) refers to dio.o(i.Dio_WriteChannel) for Dio_WriteChannel
    led.o(i.Led_Toggle) refers to dio.o(i.Dio_FlipChannel) for Dio_FlipChannel
    led.o(i.Led_TurnOff) refers to dio.o(i.Dio_WriteChannel) for Dio_WriteChannel
    led.o(i.Led_TurnOn) refers to dio.o(i.Dio_WriteChannel) for Dio_WriteChannel
    main.o(i.main) refers to app.o(i.app_init) for app_init
    main.o(i.main) refers to app.o(i.app_start) for app_start
    startup_tm4c123.o(STACK) refers (Special) to heapauxi.o(.text) for __use_two_region_memory
    startup_tm4c123.o(HEAP) refers (Special) to heapauxi.o(.text) for __use_two_region_memory
    startup_tm4c123.o(RESET) refers (Special) to heapauxi.o(.text) for __use_two_region_memory
    startup_tm4c123.o(RESET) refers to startup_tm4c123.o(STACK) for __initial_sp
    startup_tm4c123.o(RESET) refers to startup_tm4c123.o(.text) for Reset_Handler
    startup_tm4c123.o(RESET) refers to gpt_lcfg.o(i.TIMER0A_Handler) for TIMER0A_Handler
    startup_tm4c123.o(RESET) refers to gpt_lcfg.o(i.TIMER1A_Handler) for TIMER1A_Handler
    startup_tm4c123.o(.text) refers (Special) to heapauxi.o(.text) for __use_two_region_memory
    startup_tm4c123.o(.text) refers to system_tm4c123.o(i.SystemInit) for SystemInit
    startup_tm4c123.o(.text) refers to __main.o(!!!main) for __main
    startup_tm4c123.o(.text) refers to startup_tm4c123.o(HEAP) for Heap_Mem
    startup_tm4c123.o(.text) refers to startup_tm4c123.o(STACK) for Stack_Mem
    system_tm4c123.o(i.SystemCoreClockUpdate) refers to system_tm4c123.o(i.getOscClk) for getOscClk
    system_tm4c123.o(i.SystemCoreClockUpdate) refers to system_tm4c123.o(.data) for SystemCoreClock
    __main.o(!!!main) refers to __rtentry.o(.ARM.Collect$$rtentry$$00000000) for __rt_entry
    __rtentry.o(.ARM.Collect$$rtentry$$00000000) refers (Special) to __rtentry2.o(.ARM.Collect$$rtentry$$0000000A) for __rt_entry_li
    __rtentry.o(.ARM.Collect$$rtentry$$00000000) refers (Special) to __rtentry2.o(.ARM.Collect$$rtentry$$0000000D) for __rt_entry_main
    __rtentry.o(.ARM.Collect$$rtentry$$00000000) refers (Special) to __rtentry2.o(.ARM.Collect$$rtentry$$0000000C) for __rt_entry_postli_1
    __rtentry.o(.ARM.Collect$$rtentry$$00000000) refers (Special) to __rtentry2.o(.ARM.Collect$$rtentry$$00000009) for __rt_entry_postsh_1
    __rtentry.o(.ARM.Collect$$rtentry$$00000000) refers (Special) to __rtentry2.o(.ARM.Collect$$rtentry$$00000002) for __rt_entry_presh_1
    __rtentry.o(.ARM.Collect$$rtentry$$00000000) refers (Special) to __rtentry4.o(.ARM.Collect$$rtentry$$00000004) for __rt_entry_sh
    aeabi_ldiv0_sigfpe.o(.text) refers to rt_div0.o(.text) for __rt_div0
    __rtentry2.o(.ARM.Collect$$rtentry$$00000008) refers to boardinit2.o(.text) for _platform_post_stackheap_init
    __rtentry2.o(.ARM.Collect$$rtentry$$0000000A) refers to libinit.o(.ARM.Collect$$libinit$$00000000) for __rt_lib_init
    __rtentry2.o(.ARM.Collect$$rtentry$$0000000B) refers to boardinit3.o(.text) for _platform_post_lib_init
    __rtentry2.o(.ARM.Collect$$rtentry$$0000000D) refers to main.o(i.main) for main
    __rtentry2.o(.ARM.Collect$$rtentry$$0000000D) refers to exit.o(.text) for exit
    __rtentry2.o(.ARM.exidx) refers to __rtentry2.o(.ARM.Collect$$rtentry$$00000001) for .ARM.Collect$$rtentry$$00000001
    __rtentry2.o(.ARM.exidx) refers to __rtentry2.o(.ARM.Collect$$rtentry$$00000008) for .ARM.Collect$$rtentry$$00000008
    __rtentry2.o(.ARM.exidx) refers to __rtentry2.o(.ARM.Collect$$rtentry$$0000000A) for .ARM.Collect$$rtentry$$0000000A
    __rtentry2.o(.ARM.exidx) refers to __rtentry2.o(.ARM.Collect$$rtentry$$0000000B) for .ARM.Collect$$rtentry$$0000000B
    __rtentry2.o(.ARM.exidx) refers to __rtentry2.o(.ARM.Collect$$rtentry$$0000000D) for .ARM.Collect$$rtentry$$0000000D
    __rtentry4.o(.ARM.Collect$$rtentry$$00000004) refers to sys_stackheap_outer.o(.text) for __user_setup_stackheap
    __rtentry4.o(.ARM.exidx) refers to __rtentry4.o(.ARM.Collect$$rtentry$$00000004) for .ARM.Collect$$rtentry$$00000004
    rt_div0.o(.text) refers to defsig_fpe_outer.o(.text) for __rt_SIGFPE
    sys_stackheap_outer.o(.text) refers to libspace.o(.text) for __user_perproc_libspace
    sys_stackheap_outer.o(.text) refers to startup_tm4c123.o(.text) for __user_initial_stackheap
    exit.o(.text) refers to rtexit.o(.ARM.Collect$$rtexit$$00000000) for __rt_exit
    defsig_fpe_outer.o(.text) refers to defsig_fpe_inner.o(.text) for __rt_SIGFPE_inner
    defsig_fpe_outer.o(.text) refers to defsig_exit.o(.text) for __sig_exit
    defsig_fpe_formal.o(.text) refers to rt_raise.o(.text) for __rt_raise
    libinit.o(.ARM.Collect$$libinit$$00000000) refers (Special) to libinit2.o(.ARM.Collect$$libinit$$0000002E) for __rt_lib_init_alloca_1
    libinit.o(.ARM.Collect$$libinit$$00000000) refers (Special) to libinit2.o(.ARM.Collect$$libinit$$0000002C) for __rt_lib_init_argv_1
    libinit.o(.ARM.Collect$$libinit$$00000000) refers (Special) to libinit2.o(.ARM.Collect$$libinit$$0000001B) for __rt_lib_init_atexit_1
    libinit.o(.ARM.Collect$$libinit$$00000000) refers (Special) to libinit2.o(.ARM.Collect$$libinit$$00000021) for __rt_lib_init_clock_1
    libinit.o(.ARM.Collect$$libinit$$00000000) refers (Special) to libinit2.o(.ARM.Collect$$libinit$$00000032) for __rt_lib_init_cpp_1
    libinit.o(.ARM.Collect$$libinit$$00000000) refers (Special) to libinit2.o(.ARM.Collect$$libinit$$00000030) for __rt_lib_init_exceptions_1
    libinit.o(.ARM.Collect$$libinit$$00000000) refers (Special) to libinit2.o(.ARM.Collect$$libinit$$00000001) for __rt_lib_init_fp_1
    libinit.o(.ARM.Collect$$libinit$$00000000) refers (Special) to libinit2.o(.ARM.Collect$$libinit$$0000001F) for __rt_lib_init_fp_trap_1
    libinit.o(.ARM.Collect$$libinit$$00000000) refers (Special) to libinit2.o(.ARM.Collect$$libinit$$00000023) for __rt_lib_init_getenv_1
    libinit.o(.ARM.Collect$$libinit$$00000000) refers (Special) to libinit2.o(.ARM.Collect$$libinit$$0000000A) for __rt_lib_init_heap_1
    libinit.o(.ARM.Collect$$libinit$$00000000) refers (Special) to libinit2.o(.ARM.Collect$$libinit$$00000011) for __rt_lib_init_lc_collate_1
    libinit.o(.ARM.Collect$$libinit$$00000000) refers (Special) to libinit2.o(.ARM.Collect$$libinit$$00000013) for __rt_lib_init_lc_ctype_1
    libinit.o(.ARM.Collect$$libinit$$00000000) refers (Special) to libinit2.o(.ARM.Collect$$libinit$$00000015) for __rt_lib_init_lc_monetary_1
    libinit.o(.ARM.Collect$$libinit$$00000000) refers (Special) to libinit2.o(.ARM.Collect$$libinit$$00000017) for __rt_lib_init_lc_numeric_1
    libinit.o(.ARM.Collect$$libinit$$00000000) refers (Special) to libinit2.o(.ARM.Collect$$libinit$$00000019) for __rt_lib_init_lc_time_1
    libinit.o(.ARM.Collect$$libinit$$00000000) refers (Special) to libinit2.o(.ARM.Collect$$libinit$$00000004) for __rt_lib_init_preinit_1
    libinit.o(.ARM.Collect$$libinit$$00000000) refers (Special) to libinit2.o(.ARM.Collect$$libinit$$0000000E) for __rt_lib_init_rand_1
    libinit.o(.ARM.Collect$$libinit$$00000000) refers (Special) to libinit2.o(.ARM.Collect$$libinit$$00000033) for __rt_lib_init_return
    libinit.o(.ARM.Collect$$libinit$$00000000) refers (Special) to libinit2.o(.ARM.Collect$$libinit$$0000001D) for __rt_lib_init_signal_1
    libinit.o(.ARM.Collect$$libinit$$00000000) refers (Special) to libinit2.o(.ARM.Collect$$libinit$$00000025) for __rt_lib_init_stdio_1
    libinit.o(.ARM.Collect$$libinit$$00000000) refers (Special) to libinit2.o(.ARM.Collect$$libinit$$0000000C) for __rt_lib_init_user_alloc_1
    libspace.o(.text) refers to libspace.o(.bss) for __libspace_start
    rtexit.o(.ARM.Collect$$rtexit$$00000000) refers (Special) to rtexit2.o(.ARM.Collect$$rtexit$$00000004) for __rt_exit_exit
    rtexit.o(.ARM.Collect$$rtexit$$00000000) refers (Special) to rtexit2.o(.ARM.Collect$$rtexit$$00000003) for __rt_exit_ls
    rtexit.o(.ARM.Collect$$rtexit$$00000000) refers (Special) to rtexit2.o(.ARM.Collect$$rtexit$$00000002) for __rt_exit_prels_1
    rtexit.o(.ARM.exidx) refers (Special) to rtexit2.o(.ARM.Collect$$rtexit$$00000004) for __rt_exit_exit
    rtexit.o(.ARM.exidx) refers (Special) to rtexit2.o(.ARM.Collect$$rtexit$$00000003) for __rt_exit_ls
    rtexit.o(.ARM.exidx) refers (Special) to rtexit2.o(.ARM.Collect$$rtexit$$00000002) for __rt_exit_prels_1
    rtexit.o(.ARM.exidx) refers to rtexit.o(.ARM.Collect$$rtexit$$00000000) for .ARM.Collect$$rtexit$$00000000
    rt_raise.o(.text) refers to __raise.o(.text) for __raise
    rt_raise.o(.text) refers to sys_exit.o(.text) for _sys_exit
    defsig_exit.o(.text) refers to sys_exit.o(.text) for _sys_exit
    defsig_fpe_inner.o(.text) refers to defsig_general.o(.text) for __default_signal_display
    libinit2.o(.ARM.Collect$$libinit$$00000001) refers to fpinit.o(x$fpl$fpinit) for _fp_init
    libinit2.o(.ARM.Collect$$libinit$$00000010) refers to libinit2.o(.ARM.Collect$$libinit$$0000000F) for .ARM.Collect$$libinit$$0000000F
    libinit2.o(.ARM.Collect$$libinit$$00000012) refers to libinit2.o(.ARM.Collect$$libinit$$0000000F) for .ARM.Collect$$libinit$$0000000F
    libinit2.o(.ARM.Collect$$libinit$$00000014) refers to libinit2.o(.ARM.Collect$$libinit$$0000000F) for .ARM.Collect$$libinit$$0000000F
    libinit2.o(.ARM.Collect$$libinit$$00000016) refers to libinit2.o(.ARM.Collect$$libinit$$0000000F) for .ARM.Collect$$libinit$$0000000F
    libinit2.o(.ARM.Collect$$libinit$$00000018) refers to libinit2.o(.ARM.Collect$$libinit$$0000000F) for .ARM.Collect$$libinit$$0000000F
    libinit2.o(.ARM.Collect$$libinit$$00000026) refers to argv_veneer.o(.emb_text) for __ARM_argv_veneer
    libinit2.o(.ARM.Collect$$libinit$$00000027) refers to argv_veneer.o(.emb_text) for __ARM_argv_veneer
    sys_exit.o(.text) refers (Special) to use_no_semi.o(.text) for __I$use$semihosting
    sys_exit.o(.text) refers (Special) to indicate_semi.o(.text) for __semihosting_library_function
    rtexit2.o(.ARM.Collect$$rtexit$$00000003) refers to libshutdown.o(.ARM.Collect$$libshutdown$$00000000) for __rt_lib_shutdown
    rtexit2.o(.ARM.Collect$$rtexit$$00000004) refers to sys_exit.o(.text) for _sys_exit
    rtexit2.o(.ARM.exidx) refers to rtexit2.o(.ARM.Collect$$rtexit$$00000001) for .ARM.Collect$$rtexit$$00000001
    rtexit2.o(.ARM.exidx) refers to rtexit2.o(.ARM.Collect$$rtexit$$00000003) for .ARM.Collect$$rtexit$$00000003
    rtexit2.o(.ARM.exidx) refers to rtexit2.o(.ARM.Collect$$rtexit$$00000004) for .ARM.Collect$$rtexit$$00000004
    __raise.o(.text) refers to defsig.o(CL$$defsig) for __default_signal_handler
    defsig_general.o(.text) refers to sys_wrch.o(.text) for _ttywrch
    argv_veneer.o(.emb_text) refers to no_argv.o(.text) for __ARM_get_argv
    sys_wrch.o(.text) refers (Special) to use_no_semi.o(.text) for __I$use$semihosting
    sys_wrch.o(.text) refers (Special) to indicate_semi.o(.text) for __semihosting_library_function
    defsig.o(CL$$defsig) refers to defsig_fpe_inner.o(.text) for __rt_SIGFPE_inner
    defsig.o(CL$$defsig) refers to defsig_rtmem_inner.o(.text) for __rt_SIGRTMEM_inner
    _get_argv_nomalloc.o(.text) refers (Special) to hrguard.o(.text) for __heap_region$guard
    _get_argv_nomalloc.o(.text) refers to defsig_rtmem_outer.o(.text) for __rt_SIGRTMEM
    _get_argv_nomalloc.o(.text) refers to sys_command.o(.text) for _sys_command_string
    libshutdown.o(.ARM.Collect$$libshutdown$$00000000) refers (Special) to libshutdown2.o(.ARM.Collect$$libshutdown$$00000002) for __rt_lib_shutdown_cpp_1
    libshutdown.o(.ARM.Collect$$libshutdown$$00000000) refers (Special) to libshutdown2.o(.ARM.Collect$$libshutdown$$00000007) for __rt_lib_shutdown_fp_trap_1
    libshutdown.o(.ARM.Collect$$libshutdown$$00000000) refers (Special) to libshutdown2.o(.ARM.Collect$$libshutdown$$0000000F) for __rt_lib_shutdown_heap_1
    libshutdown.o(.ARM.Collect$$libshutdown$$00000000) refers (Special) to libshutdown2.o(.ARM.Collect$$libshutdown$$00000010) for __rt_lib_shutdown_return
    libshutdown.o(.ARM.Collect$$libshutdown$$00000000) refers (Special) to libshutdown2.o(.ARM.Collect$$libshutdown$$0000000A) for __rt_lib_shutdown_signal_1
    libshutdown.o(.ARM.Collect$$libshutdown$$00000000) refers (Special) to libshutdown2.o(.ARM.Collect$$libshutdown$$00000004) for __rt_lib_shutdown_stdio_1
    libshutdown.o(.ARM.Collect$$libshutdown$$00000000) refers (Special) to libshutdown2.o(.ARM.Collect$$libshutdown$$0000000C) for __rt_lib_shutdown_user_alloc_1
    sys_command.o(.text) refers (Special) to use_no_semi.o(.text) for __I$use$semihosting
    sys_command.o(.text) refers (Special) to indicate_semi.o(.text) for __semihosting_library_function
    defsig_abrt_inner.o(.text) refers to defsig_general.o(.text) for __default_signal_display
    defsig_rtred_inner.o(.text) refers to defsig_general.o(.text) for __default_signal_display
    defsig_rtmem_inner.o(.text) refers to defsig_general.o(.text) for __default_signal_display
    defsig_rtmem_outer.o(.text) refers to defsig_rtmem_inner.o(.text) for __rt_SIGRTMEM_inner
    defsig_rtmem_outer.o(.text) refers to defsig_exit.o(.text) for __sig_exit
    defsig_rtmem_formal.o(.text) refers to rt_raise.o(.text) for __rt_raise
    defsig_stak_inner.o(.text) refers to defsig_general.o(.text) for __default_signal_display
    defsig_pvfn_inner.o(.text) refers to defsig_general.o(.text) for __default_signal_display
    defsig_cppl_inner.o(.text) refers to defsig_general.o(.text) for __default_signal_display
    defsig_segv_inner.o(.text) refers to defsig_general.o(.text) for __default_signal_display
    defsig_other.o(.text) refers to defsig_general.o(.text) for __default_signal_display


==============================================================================

Removing Unused input sections from the image.

    Removing blink.o(i.Blink_Start), (212 bytes).
    Removing blink.o(i.Blinking_CallBack), (28 bytes).
    Removing dio.o(i.Dio_ReadPort), (104 bytes).
    Removing dio.o(i.Dio_WritePort), (88 bytes).
    Removing gpt.o(i.Gpt_DisableNotification), (212 bytes).
    Removing gpt.o(i.Gpt_EnableNotification), (216 bytes).
    Removing gpt.o(i.Gpt_GetPredefTimerValue), (6 bytes).
    Removing gpt.o(i.Gpt_GetTimeElapsed), (260 bytes).
    Removing gpt.o(i.Gpt_GetTimeRemaining), (320 bytes).
    Removing input.o(i.Input_GetNumOfPresses), (172 bytes).
    Removing intctrl.o(i.IntCrtl_Init), (948 bytes).
    Removing intctrl.o(i.IntCtrl_DisableInterrupt), (204 bytes).
    Removing led.o(i.Led_RefreshOutput), (22 bytes).
    Removing led.o(i.Led_TurnOn), (14 bytes).
    Removing system_tm4c123.o(.rev16_text), (4 bytes).
    Removing system_tm4c123.o(.revsh_text), (4 bytes).
    Removing system_tm4c123.o(.rrx_text), (6 bytes).
    Removing system_tm4c123.o(i.SystemCoreClockUpdate), (196 bytes).
    Removing system_tm4c123.o(i.getOscClk), (244 bytes).
    Removing system_tm4c123.o(.data), (4 bytes).

20 unused section(s) (total 3264 bytes) removed from the image.

==============================================================================

Image Symbol Table

    Local Symbols

    Symbol Name                              Value     Ov Type        Size  Object(Section)

    RESET                                    0x00000000   Section      620  startup_tm4c123.o(RESET)
    ../clib/angel/boardlib.s                 0x00000000   Number         0  boardinit1.o ABSOLUTE
    ../clib/angel/boardlib.s                 0x00000000   Number         0  boardinit3.o ABSOLUTE
    ../clib/angel/boardlib.s                 0x00000000   Number         0  boardinit2.o ABSOLUTE
    ../clib/angel/boardlib.s                 0x00000000   Number         0  boardshut.o ABSOLUTE
    ../clib/angel/dczerorl2.s                0x00000000   Number         0  __dczerorl2.o ABSOLUTE
    ../clib/angel/handlers.s                 0x00000000   Number         0  __scatter_zi.o ABSOLUTE
    ../clib/angel/kernel.s                   0x00000000   Number         0  __rtentry.o ABSOLUTE
    ../clib/angel/kernel.s                   0x00000000   Number         0  rtexit.o ABSOLUTE
    ../clib/angel/kernel.s                   0x00000000   Number         0  __rtentry2.o ABSOLUTE
    ../clib/angel/kernel.s                   0x00000000   Number         0  rtexit2.o ABSOLUTE
    ../clib/angel/kernel.s                   0x00000000   Number         0  __rtentry4.o ABSOLUTE
    ../clib/angel/rt.s                       0x00000000   Number         0  aeabi_ldiv0.o ABSOLUTE
    ../clib/angel/rt.s                       0x00000000   Number         0  aeabi_ldiv0_sigfpe.o ABSOLUTE
    ../clib/angel/rt.s                       0x00000000   Number         0  rt_raise.o ABSOLUTE
    ../clib/angel/rt.s                       0x00000000   Number         0  rt_div0.o ABSOLUTE
    ../clib/angel/scatter.s                  0x00000000   Number         0  __scatter.o ABSOLUTE
    ../clib/angel/startup.s                  0x00000000   Number         0  __main.o ABSOLUTE
    ../clib/angel/sys.s                      0x00000000   Number         0  indicate_semi.o ABSOLUTE
    ../clib/angel/sys.s                      0x00000000   Number         0  sys_stackheap_outer.o ABSOLUTE
    ../clib/angel/sys.s                      0x00000000   Number         0  use_no_semi.o ABSOLUTE
    ../clib/angel/sys.s                      0x00000000   Number         0  libspace.o ABSOLUTE
    ../clib/angel/sysapp.c                   0x00000000   Number         0  sys_exit.o ABSOLUTE
    ../clib/angel/sysapp.c                   0x00000000   Number         0  sys_command.o ABSOLUTE
    ../clib/angel/sysapp.c                   0x00000000   Number         0  sys_wrch.o ABSOLUTE
    ../clib/armsys.c                         0x00000000   Number         0  no_argv.o ABSOLUTE
    ../clib/armsys.c                         0x00000000   Number         0  _get_argv_nomalloc.o ABSOLUTE
    ../clib/armsys.c                         0x00000000   Number         0  argv_veneer.o ABSOLUTE
    ../clib/armsys.c                         0x00000000   Number         0  argv_veneer.o ABSOLUTE
    ../clib/heapalloc.c                      0x00000000   Number         0  hrguard.o ABSOLUTE
    ../clib/heapaux.c                        0x00000000   Number         0  heapauxi.o ABSOLUTE
    ../clib/libinit.s                        0x00000000   Number         0  libinit.o ABSOLUTE
    ../clib/libinit.s                        0x00000000   Number         0  libinit2.o ABSOLUTE
    ../clib/libinit.s                        0x00000000   Number         0  libshutdown2.o ABSOLUTE
    ../clib/libinit.s                        0x00000000   Number         0  libshutdown.o ABSOLUTE
    ../clib/longlong.s                       0x00000000   Number         0  lludivv7m.o ABSOLUTE
    ../clib/signal.c                         0x00000000   Number         0  __raise.o ABSOLUTE
    ../clib/signal.c                         0x00000000   Number         0  defsig_fpe_formal.o ABSOLUTE
    ../clib/signal.c                         0x00000000   Number         0  defsig_fpe_outer.o ABSOLUTE
    ../clib/signal.c                         0x00000000   Number         0  defsig_exit.o ABSOLUTE
    ../clib/signal.c                         0x00000000   Number         0  defsig_stak_inner.o ABSOLUTE
    ../clib/signal.c                         0x00000000   Number         0  defsig_rtmem_formal.o ABSOLUTE
    ../clib/signal.c                         0x00000000   Number         0  defsig_fpe_inner.o ABSOLUTE
    ../clib/signal.c                         0x00000000   Number         0  defsig_rtmem_outer.o ABSOLUTE
    ../clib/signal.c                         0x00000000   Number         0  defsig_rtred_inner.o ABSOLUTE
    ../clib/signal.c                         0x00000000   Number         0  defsig_rtmem_inner.o ABSOLUTE
    ../clib/signal.c                         0x00000000   Number         0  defsig_other.o ABSOLUTE
    ../clib/signal.c                         0x00000000   Number         0  defsig_general.o ABSOLUTE
    ../clib/signal.c                         0x00000000   Number         0  defsig_abrt_inner.o ABSOLUTE
    ../clib/signal.c                         0x00000000   Number         0  defsig_segv_inner.o ABSOLUTE
    ../clib/signal.c                         0x00000000   Number         0  defsig_pvfn_inner.o ABSOLUTE
    ../clib/signal.c                         0x00000000   Number         0  defsig_cppl_inner.o ABSOLUTE
    ../clib/signal.s                         0x00000000   Number         0  defsig.o ABSOLUTE
    ../clib/stdlib.c                         0x00000000   Number         0  exit.o ABSOLUTE
    ../fplib/fpinit.s                        0x00000000   Number         0  fpinit.o ABSOLUTE
    App.c                                    0x00000000   Number         0  app.o ABSOLUTE
    Blink.c                                  0x00000000   Number         0  blink.o ABSOLUTE
    Button.c                                 0x00000000   Number         0  button.o ABSOLUTE
    Dio.c                                    0x00000000   Number         0  dio.o ABSOLUTE
    Dio_Lcfg.c                               0x00000000   Number         0  dio_lcfg.o ABSOLUTE
    Gpt.c                                    0x00000000   Number         0  gpt.o ABSOLUTE
    Gpt_Lcfg.c                               0x00000000   Number         0  gpt_lcfg.o ABSOLUTE
    Input.c                                  0x00000000   Number         0  input.o ABSOLUTE
    IntCtrl.c                                0x00000000   Number         0  intctrl.o ABSOLUTE
    IntCtrl_Lcfg.c                           0x00000000   Number         0  intctrl_lcfg.o ABSOLUTE
    Led.c                                    0x00000000   Number         0  led.o ABSOLUTE
    Port.c                                   0x00000000   Number         0  port.o ABSOLUTE
    Port_Lcfg.c                              0x00000000   Number         0  port_lcfg.o ABSOLUTE
    RTE\Device\TM4C123GH6PM\startup_TM4C123.s 0x00000000   Number         0  startup_tm4c123.o ABSOLUTE
    RTE\Device\TM4C123GH6PM\system_TM4C123.c 0x00000000   Number         0  system_tm4c123.o ABSOLUTE
    RTE\\Device\\TM4C123GH6PM\\system_TM4C123.c 0x00000000   Number         0  system_tm4c123.o ABSOLUTE
    dc.s                                     0x00000000   Number         0  dc.o ABSOLUTE
    main.c                                   0x00000000   Number         0  main.o ABSOLUTE
    !!!main                                  0x0000026c   Section        8  __main.o(!!!main)
    !!!scatter                               0x00000274   Section       52  __scatter.o(!!!scatter)
    !!dczerorl2                              0x000002a8   Section       90  __dczerorl2.o(!!dczerorl2)
    !!handler_zi                             0x00000304   Section       28  __scatter_zi.o(!!handler_zi)
    .ARM.Collect$$libinit$$00000000          0x00000320   Section        2  libinit.o(.ARM.Collect$$libinit$$00000000)
    .ARM.Collect$$libinit$$00000001          0x00000322   Section        4  libinit2.o(.ARM.Collect$$libinit$$00000001)
    .ARM.Collect$$libinit$$00000004          0x00000326   Section        0  libinit2.o(.ARM.Collect$$libinit$$00000004)
    .ARM.Collect$$libinit$$0000000A          0x00000326   Section        0  libinit2.o(.ARM.Collect$$libinit$$0000000A)
    .ARM.Collect$$libinit$$0000000C          0x00000326   Section        0  libinit2.o(.ARM.Collect$$libinit$$0000000C)
    .ARM.Collect$$libinit$$0000000E          0x00000326   Section        0  libinit2.o(.ARM.Collect$$libinit$$0000000E)
    .ARM.Collect$$libinit$$00000011          0x00000326   Section        0  libinit2.o(.ARM.Collect$$libinit$$00000011)
    .ARM.Collect$$libinit$$00000013          0x00000326   Section        0  libinit2.o(.ARM.Collect$$libinit$$00000013)
    .ARM.Collect$$libinit$$00000015          0x00000326   Section        0  libinit2.o(.ARM.Collect$$libinit$$00000015)
    .ARM.Collect$$libinit$$00000017          0x00000326   Section        0  libinit2.o(.ARM.Collect$$libinit$$00000017)
    .ARM.Collect$$libinit$$00000019          0x00000326   Section        0  libinit2.o(.ARM.Collect$$libinit$$00000019)
    .ARM.Collect$$libinit$$0000001B          0x00000326   Section        0  libinit2.o(.ARM.Collect$$libinit$$0000001B)
    .ARM.Collect$$libinit$$0000001D          0x00000326   Section        0  libinit2.o(.ARM.Collect$$libinit$$0000001D)
    .ARM.Collect$$libinit$$0000001F          0x00000326   Section        0  libinit2.o(.ARM.Collect$$libinit$$0000001F)
    .ARM.Collect$$libinit$$00000021          0x00000326   Section        0  libinit2.o(.ARM.Collect$$libinit$$00000021)
    .ARM.Collect$$libinit$$00000023          0x00000326   Section        0  libinit2.o(.ARM.Collect$$libinit$$00000023)
    .ARM.Collect$$libinit$$00000025          0x00000326   Section        0  libinit2.o(.ARM.Collect$$libinit$$00000025)
    .ARM.Collect$$libinit$$0000002C          0x00000326   Section        0  libinit2.o(.ARM.Collect$$libinit$$0000002C)
    .ARM.Collect$$libinit$$0000002E          0x00000326   Section        0  libinit2.o(.ARM.Collect$$libinit$$0000002E)
    .ARM.Collect$$libinit$$00000030          0x00000326   Section        0  libinit2.o(.ARM.Collect$$libinit$$00000030)
    .ARM.Collect$$libinit$$00000032          0x00000326   Section        0  libinit2.o(.ARM.Collect$$libinit$$00000032)
    .ARM.Collect$$libinit$$00000033          0x00000326   Section        2  libinit2.o(.ARM.Collect$$libinit$$00000033)
    .ARM.Collect$$libshutdown$$00000000      0x00000328   Section        2  libshutdown.o(.ARM.Collect$$libshutdown$$00000000)
    .ARM.Collect$$libshutdown$$00000002      0x0000032a   Section        0  libshutdown2.o(.ARM.Collect$$libshutdown$$00000002)
    .ARM.Collect$$libshutdown$$00000004      0x0000032a   Section        0  libshutdown2.o(.ARM.Collect$$libshutdown$$00000004)
    .ARM.Collect$$libshutdown$$00000007      0x0000032a   Section        0  libshutdown2.o(.ARM.Collect$$libshutdown$$00000007)
    .ARM.Collect$$libshutdown$$0000000A      0x0000032a   Section        0  libshutdown2.o(.ARM.Collect$$libshutdown$$0000000A)
    .ARM.Collect$$libshutdown$$0000000C      0x0000032a   Section        0  libshutdown2.o(.ARM.Collect$$libshutdown$$0000000C)
    .ARM.Collect$$libshutdown$$0000000F      0x0000032a   Section        0  libshutdown2.o(.ARM.Collect$$libshutdown$$0000000F)
    .ARM.Collect$$libshutdown$$00000010      0x0000032a   Section        2  libshutdown2.o(.ARM.Collect$$libshutdown$$00000010)
    .ARM.Collect$$rtentry$$00000000          0x0000032c   Section        0  __rtentry.o(.ARM.Collect$$rtentry$$00000000)
    .ARM.Collect$$rtentry$$00000002          0x0000032c   Section        0  __rtentry2.o(.ARM.Collect$$rtentry$$00000002)
    .ARM.Collect$$rtentry$$00000004          0x0000032c   Section        6  __rtentry4.o(.ARM.Collect$$rtentry$$00000004)
    .ARM.Collect$$rtentry$$00000009          0x00000332   Section        0  __rtentry2.o(.ARM.Collect$$rtentry$$00000009)
    .ARM.Collect$$rtentry$$0000000A          0x00000332   Section        4  __rtentry2.o(.ARM.Collect$$rtentry$$0000000A)
    .ARM.Collect$$rtentry$$0000000C          0x00000336   Section        0  __rtentry2.o(.ARM.Collect$$rtentry$$0000000C)
    .ARM.Collect$$rtentry$$0000000D          0x00000336   Section        8  __rtentry2.o(.ARM.Collect$$rtentry$$0000000D)
    .ARM.Collect$$rtexit$$00000000           0x0000033e   Section        2  rtexit.o(.ARM.Collect$$rtexit$$00000000)
    .ARM.Collect$$rtexit$$00000002           0x00000340   Section        0  rtexit2.o(.ARM.Collect$$rtexit$$00000002)
    .ARM.Collect$$rtexit$$00000003           0x00000340   Section        4  rtexit2.o(.ARM.Collect$$rtexit$$00000003)
    .ARM.Collect$$rtexit$$00000004           0x00000344   Section        6  rtexit2.o(.ARM.Collect$$rtexit$$00000004)
    .text                                    0x0000034c   Section      276  startup_tm4c123.o(.text)
    $v0                                      0x0000034c   Number         0  startup_tm4c123.o(.text)
    .text                                    0x00000460   Section        0  heapauxi.o(.text)
    .text                                    0x00000466   Section       74  sys_stackheap_outer.o(.text)
    .text                                    0x000004b0   Section        0  exit.o(.text)
    .text                                    0x000004c4   Section        8  libspace.o(.text)
    .text                                    0x000004cc   Section        0  sys_exit.o(.text)
    .text                                    0x000004d8   Section        2  use_no_semi.o(.text)
    .text                                    0x000004da   Section        0  indicate_semi.o(.text)
    i.Blink_Start2                           0x000004dc   Section        0  blink.o(i.Blink_Start2)
    i.Blink_Stop                             0x00000528   Section        0  blink.o(i.Blink_Stop)
    i.Blinking_CallBack2                     0x00000544   Section        0  blink.o(i.Blinking_CallBack2)
    i.Button_GetState                        0x00000560   Section        0  button.o(i.Button_GetState)
    i.Button_Init                            0x00000594   Section        0  button.o(i.Button_Init)
    i.Dio_FlipChannel                        0x000005a4   Section        0  dio.o(i.Dio_FlipChannel)
    i.Dio_ReadChannel                        0x00000810   Section        0  dio.o(i.Dio_ReadChannel)
    i.Dio_WriteChannel                       0x00000938   Section        0  dio.o(i.Dio_WriteChannel)
    i.Gpt_Init                               0x00000ae0   Section        0  gpt.o(i.Gpt_Init)
    i.Gpt_Notification_0                     0x00000cc8   Section        0  gpt_lcfg.o(i.Gpt_Notification_0)
    i.Gpt_Notification_1                     0x00000ce0   Section        0  gpt_lcfg.o(i.Gpt_Notification_1)
    i.Gpt_Notification_10                    0x00000cf0   Section        0  gpt_lcfg.o(i.Gpt_Notification_10)
    i.Gpt_Notification_11                    0x00000cf2   Section        0  gpt_lcfg.o(i.Gpt_Notification_11)
    i.Gpt_Notification_2                     0x00000cf4   Section        0  gpt_lcfg.o(i.Gpt_Notification_2)
    i.Gpt_Notification_3                     0x00000cf6   Section        0  gpt_lcfg.o(i.Gpt_Notification_3)
    i.Gpt_Notification_4                     0x00000cf8   Section        0  gpt_lcfg.o(i.Gpt_Notification_4)
    i.Gpt_Notification_5                     0x00000cfa   Section        0  gpt_lcfg.o(i.Gpt_Notification_5)
    i.Gpt_Notification_6                     0x00000cfc   Section        0  gpt_lcfg.o(i.Gpt_Notification_6)
    i.Gpt_Notification_7                     0x00000cfe   Section        0  gpt_lcfg.o(i.Gpt_Notification_7)
    i.Gpt_Notification_8                     0x00000d00   Section        0  gpt_lcfg.o(i.Gpt_Notification_8)
    i.Gpt_Notification_9                     0x00000d02   Section        0  gpt_lcfg.o(i.Gpt_Notification_9)
    i.Gpt_StartTimer                         0x00000d04   Section        0  gpt.o(i.Gpt_StartTimer)
    i.Gpt_StopTimer                          0x00000e04   Section        0  gpt.o(i.Gpt_StopTimer)
    i.IntCtrl_EnableInterrupt                0x00000e9c   Section        0  intctrl.o(i.IntCtrl_EnableInterrupt)
    i.Led_Init                               0x00001004   Section        0  led.o(i.Led_Init)
    i.Led_Toggle                             0x00001014   Section        0  led.o(i.Led_Toggle)
    i.Led_TurnOff                            0x00001020   Section        0  led.o(i.Led_TurnOff)
    i.Port_Init                              0x00001030   Section        0  port.o(i.Port_Init)
    i.SystemInit                             0x00001508   Section        0  system_tm4c123.o(i.SystemInit)
    i.TIMER0A_Handler                        0x000015a0   Section        0  gpt_lcfg.o(i.TIMER0A_Handler)
    i.TIMER1A_Handler                        0x000015c8   Section        0  gpt_lcfg.o(i.TIMER1A_Handler)
    i.app_init                               0x000015f0   Section        0  app.o(i.app_init)
    i.app_start                              0x00001604   Section        0  app.o(i.app_start)
    i.blink_init                             0x0000169c   Section        0  blink.o(i.blink_init)
    i.main                                   0x000016ec   Section        0  main.o(i.main)
    i.pwm_G                                  0x000016f8   Section        0  app.o(i.pwm_G)
    x$fpl$fpinit                             0x00001730   Section       10  fpinit.o(x$fpl$fpinit)
    $v0                                      0x00001730   Number         0  fpinit.o(x$fpl$fpinit)
    .constdata                               0x0000173a   Section       10  dio_lcfg.o(.constdata)
    .constdata                               0x00001744   Section      344  port_lcfg.o(.constdata)
    .data                                    0x20000000   Section        6  app.o(.data)
    .data                                    0x20000006   Section        3  blink.o(.data)
    timerChannle                             0x20000006   Data           1  blink.o(.data)
    deviceChannel                            0x20000007   Data           1  blink.o(.data)
    flag                                     0x20000008   Data           1  blink.o(.data)
    .data                                    0x20000010   Section      392  gpt_lcfg.o(.data)
    .data                                    0x20000198   Section      102  intctrl_lcfg.o(.data)
    .bss                                     0x20000200   Section       96  libspace.o(.bss)
    HEAP                                     0x20000260   Section        0  startup_tm4c123.o(HEAP)
    STACK                                    0x20000260   Section      512  startup_tm4c123.o(STACK)
    Heap_Mem                                 0x20000260   Data           0  startup_tm4c123.o(HEAP)
    Stack_Mem                                0x20000260   Data         512  startup_tm4c123.o(STACK)
    __initial_sp                             0x20000460   Data           0  startup_tm4c123.o(STACK)

    Global Symbols

    Symbol Name                              Value     Ov Type        Size  Object(Section)

    BuildAttributes$$THM_ISAv4$E$P$D$K$B$S$7EM$VFPi3$EXTD16$VFPS$VFMA$PE$A:L22UL41UL21$X:L11$S22US41US21$IEEE1$IW$USESV6$~STKCKD$USESV7$~SHL$OSPACE$ROPI$EBA8$UX$STANDARDLIB$REQ8$PRES8$EABIv2 0x00000000   Number         0  anon$$obj.o ABSOLUTE
    __ARM_use_no_argv                        0x00000000   Number         0  main.o ABSOLUTE
    __Vectors                                0x00000000   Data           4  startup_tm4c123.o(RESET)
    __ARM_exceptions_init                     - Undefined Weak Reference
    __alloca_initialize                       - Undefined Weak Reference
    __arm_preinit_                            - Undefined Weak Reference
    __cpp_initialize__aeabi_                  - Undefined Weak Reference
    __cxa_finalize                            - Undefined Weak Reference
    __rt_locale                               - Undefined Weak Reference
    __sigvec_lookup                           - Undefined Weak Reference
    _atexit_init                              - Undefined Weak Reference
    _call_atexit_fns                          - Undefined Weak Reference
    _clock_init                               - Undefined Weak Reference
    _fp_trap_init                             - Undefined Weak Reference
    _fp_trap_shutdown                         - Undefined Weak Reference
    _get_lc_collate                           - Undefined Weak Reference
    _get_lc_ctype                             - Undefined Weak Reference
    _get_lc_monetary                          - Undefined Weak Reference
    _get_lc_numeric                           - Undefined Weak Reference
    _get_lc_time                              - Undefined Weak Reference
    _getenv_init                              - Undefined Weak Reference
    _handle_redirection                       - Undefined Weak Reference
    _init_alloc                               - Undefined Weak Reference
    _init_user_alloc                          - Undefined Weak Reference
    _initio                                   - Undefined Weak Reference
    _rand_init                                - Undefined Weak Reference
    _signal_finish                            - Undefined Weak Reference
    _signal_init                              - Undefined Weak Reference
    _terminate_alloc                          - Undefined Weak Reference
    _terminate_user_alloc                     - Undefined Weak Reference
    _terminateio                              - Undefined Weak Reference
    __Vectors_End                            0x0000026c   Data           0  startup_tm4c123.o(RESET)
    __Vectors_Size                           0x0000026c   Number         0  startup_tm4c123.o ABSOLUTE
    __main                                   0x0000026d   Thumb Code     8  __main.o(!!!main)
    __scatterload                            0x00000275   Thumb Code     0  __scatter.o(!!!scatter)
    __scatterload_rt2                        0x00000275   Thumb Code    44  __scatter.o(!!!scatter)
    __scatterload_rt2_thumb_only             0x00000275   Thumb Code     0  __scatter.o(!!!scatter)
    __scatterload_null                       0x00000283   Thumb Code     0  __scatter.o(!!!scatter)
    __decompress                             0x000002a9   Thumb Code    90  __dczerorl2.o(!!dczerorl2)
    __decompress1                            0x000002a9   Thumb Code     0  __dczerorl2.o(!!dczerorl2)
    __scatterload_zeroinit                   0x00000305   Thumb Code    28  __scatter_zi.o(!!handler_zi)
    __rt_lib_init                            0x00000321   Thumb Code     0  libinit.o(.ARM.Collect$$libinit$$00000000)
    __rt_lib_init_fp_1                       0x00000323   Thumb Code     0  libinit2.o(.ARM.Collect$$libinit$$00000001)
    __rt_lib_init_alloca_1                   0x00000327   Thumb Code     0  libinit2.o(.ARM.Collect$$libinit$$0000002E)
    __rt_lib_init_argv_1                     0x00000327   Thumb Code     0  libinit2.o(.ARM.Collect$$libinit$$0000002C)
    __rt_lib_init_atexit_1                   0x00000327   Thumb Code     0  libinit2.o(.ARM.Collect$$libinit$$0000001B)
    __rt_lib_init_clock_1                    0x00000327   Thumb Code     0  libinit2.o(.ARM.Collect$$libinit$$00000021)
    __rt_lib_init_cpp_1                      0x00000327   Thumb Code     0  libinit2.o(.ARM.Collect$$libinit$$00000032)
    __rt_lib_init_exceptions_1               0x00000327   Thumb Code     0  libinit2.o(.ARM.Collect$$libinit$$00000030)
    __rt_lib_init_fp_trap_1                  0x00000327   Thumb Code     0  libinit2.o(.ARM.Collect$$libinit$$0000001F)
    __rt_lib_init_getenv_1                   0x00000327   Thumb Code     0  libinit2.o(.ARM.Collect$$libinit$$00000023)
    __rt_lib_init_heap_1                     0x00000327   Thumb Code     0  libinit2.o(.ARM.Collect$$libinit$$0000000A)
    __rt_lib_init_lc_collate_1               0x00000327   Thumb Code     0  libinit2.o(.ARM.Collect$$libinit$$00000011)
    __rt_lib_init_lc_ctype_1                 0x00000327   Thumb Code     0  libinit2.o(.ARM.Collect$$libinit$$00000013)
    __rt_lib_init_lc_monetary_1              0x00000327   Thumb Code     0  libinit2.o(.ARM.Collect$$libinit$$00000015)
    __rt_lib_init_lc_numeric_1               0x00000327   Thumb Code     0  libinit2.o(.ARM.Collect$$libinit$$00000017)
    __rt_lib_init_lc_time_1                  0x00000327   Thumb Code     0  libinit2.o(.ARM.Collect$$libinit$$00000019)
    __rt_lib_init_preinit_1                  0x00000327   Thumb Code     0  libinit2.o(.ARM.Collect$$libinit$$00000004)
    __rt_lib_init_rand_1                     0x00000327   Thumb Code     0  libinit2.o(.ARM.Collect$$libinit$$0000000E)
    __rt_lib_init_return                     0x00000327   Thumb Code     0  libinit2.o(.ARM.Collect$$libinit$$00000033)
    __rt_lib_init_signal_1                   0x00000327   Thumb Code     0  libinit2.o(.ARM.Collect$$libinit$$0000001D)
    __rt_lib_init_stdio_1                    0x00000327   Thumb Code     0  libinit2.o(.ARM.Collect$$libinit$$00000025)
    __rt_lib_init_user_alloc_1               0x00000327   Thumb Code     0  libinit2.o(.ARM.Collect$$libinit$$0000000C)
    __rt_lib_shutdown                        0x00000329   Thumb Code     0  libshutdown.o(.ARM.Collect$$libshutdown$$00000000)
    __rt_lib_shutdown_cpp_1                  0x0000032b   Thumb Code     0  libshutdown2.o(.ARM.Collect$$libshutdown$$00000002)
    __rt_lib_shutdown_fp_trap_1              0x0000032b   Thumb Code     0  libshutdown2.o(.ARM.Collect$$libshutdown$$00000007)
    __rt_lib_shutdown_heap_1                 0x0000032b   Thumb Code     0  libshutdown2.o(.ARM.Collect$$libshutdown$$0000000F)
    __rt_lib_shutdown_return                 0x0000032b   Thumb Code     0  libshutdown2.o(.ARM.Collect$$libshutdown$$00000010)
    __rt_lib_shutdown_signal_1               0x0000032b   Thumb Code     0  libshutdown2.o(.ARM.Collect$$libshutdown$$0000000A)
    __rt_lib_shutdown_stdio_1                0x0000032b   Thumb Code     0  libshutdown2.o(.ARM.Collect$$libshutdown$$00000004)
    __rt_lib_shutdown_user_alloc_1           0x0000032b   Thumb Code     0  libshutdown2.o(.ARM.Collect$$libshutdown$$0000000C)
    __rt_entry                               0x0000032d   Thumb Code     0  __rtentry.o(.ARM.Collect$$rtentry$$00000000)
    __rt_entry_presh_1                       0x0000032d   Thumb Code     0  __rtentry2.o(.ARM.Collect$$rtentry$$00000002)
    __rt_entry_sh                            0x0000032d   Thumb Code     0  __rtentry4.o(.ARM.Collect$$rtentry$$00000004)
    __rt_entry_li                            0x00000333   Thumb Code     0  __rtentry2.o(.ARM.Collect$$rtentry$$0000000A)
    __rt_entry_postsh_1                      0x00000333   Thumb Code     0  __rtentry2.o(.ARM.Collect$$rtentry$$00000009)
    __rt_entry_main                          0x00000337   Thumb Code     0  __rtentry2.o(.ARM.Collect$$rtentry$$0000000D)
    __rt_entry_postli_1                      0x00000337   Thumb Code     0  __rtentry2.o(.ARM.Collect$$rtentry$$0000000C)
    __rt_exit                                0x0000033f   Thumb Code     0  rtexit.o(.ARM.Collect$$rtexit$$00000000)
    __rt_exit_ls                             0x00000341   Thumb Code     0  rtexit2.o(.ARM.Collect$$rtexit$$00000003)
    __rt_exit_prels_1                        0x00000341   Thumb Code     0  rtexit2.o(.ARM.Collect$$rtexit$$00000002)
    __rt_exit_exit                           0x00000345   Thumb Code     0  rtexit2.o(.ARM.Collect$$rtexit$$00000004)
    Reset_Handler                            0x0000034d   Thumb Code     8  startup_tm4c123.o(.text)
    NMI_Handler                              0x00000355   Thumb Code     2  startup_tm4c123.o(.text)
    HardFault_Handler                        0x00000357   Thumb Code     2  startup_tm4c123.o(.text)
    MemManage_Handler                        0x00000359   Thumb Code     2  startup_tm4c123.o(.text)
    BusFault_Handler                         0x0000035b   Thumb Code     2  startup_tm4c123.o(.text)
    UsageFault_Handler                       0x0000035d   Thumb Code     2  startup_tm4c123.o(.text)
    SVC_Handler                              0x0000035f   Thumb Code     2  startup_tm4c123.o(.text)
    DebugMon_Handler                         0x00000361   Thumb Code     2  startup_tm4c123.o(.text)
    PendSV_Handler                           0x00000363   Thumb Code     2  startup_tm4c123.o(.text)
    SysTick_Handler                          0x00000365   Thumb Code     2  startup_tm4c123.o(.text)
    GPIOA_Handler                            0x00000367   Thumb Code     2  startup_tm4c123.o(.text)
    GPIOB_Handler                            0x00000369   Thumb Code     2  startup_tm4c123.o(.text)
    GPIOC_Handler                            0x0000036b   Thumb Code     2  startup_tm4c123.o(.text)
    GPIOD_Handler                            0x0000036d   Thumb Code     2  startup_tm4c123.o(.text)
    GPIOE_Handler                            0x0000036f   Thumb Code     2  startup_tm4c123.o(.text)
    UART0_Handler                            0x00000371   Thumb Code     2  startup_tm4c123.o(.text)
    UART1_Handler                            0x00000373   Thumb Code     2  startup_tm4c123.o(.text)
    SSI0_Handler                             0x00000375   Thumb Code     2  startup_tm4c123.o(.text)
    I2C0_Handler                             0x00000377   Thumb Code     2  startup_tm4c123.o(.text)
    PMW0_FAULT_Handler                       0x00000379   Thumb Code     2  startup_tm4c123.o(.text)
    PWM0_0_Handler                           0x0000037b   Thumb Code     2  startup_tm4c123.o(.text)
    PWM0_1_Handler                           0x0000037d   Thumb Code     2  startup_tm4c123.o(.text)
    PWM0_2_Handler                           0x0000037f   Thumb Code     2  startup_tm4c123.o(.text)
    QEI0_Handler                             0x00000381   Thumb Code     2  startup_tm4c123.o(.text)
    ADC0SS0_Handler                          0x00000383   Thumb Code     2  startup_tm4c123.o(.text)
    ADC0SS1_Handler                          0x00000385   Thumb Code     2  startup_tm4c123.o(.text)
    ADC0SS2_Handler                          0x00000387   Thumb Code     2  startup_tm4c123.o(.text)
    ADC0SS3_Handler                          0x00000389   Thumb Code     2  startup_tm4c123.o(.text)
    WDT0_Handler                             0x0000038b   Thumb Code     2  startup_tm4c123.o(.text)
    TIMER0B_Handler                          0x0000038f   Thumb Code     2  startup_tm4c123.o(.text)
    TIMER1B_Handler                          0x00000393   Thumb Code     2  startup_tm4c123.o(.text)
    TIMER2A_Handler                          0x00000395   Thumb Code     2  startup_tm4c123.o(.text)
    TIMER2B_Handler                          0x00000397   Thumb Code     2  startup_tm4c123.o(.text)
    COMP0_Handler                            0x00000399   Thumb Code     2  startup_tm4c123.o(.text)
    COMP1_Handler                            0x0000039b   Thumb Code     2  startup_tm4c123.o(.text)
    COMP2_Handler                            0x0000039d   Thumb Code     2  startup_tm4c123.o(.text)
    SYSCTL_Handler                           0x0000039f   Thumb Code     2  startup_tm4c123.o(.text)
    FLASH_Handler                            0x000003a1   Thumb Code     2  startup_tm4c123.o(.text)
    GPIOF_Handler                            0x000003a3   Thumb Code     2  startup_tm4c123.o(.text)
    GPIOG_Handler                            0x000003a5   Thumb Code     2  startup_tm4c123.o(.text)
    GPIOH_Handler                            0x000003a7   Thumb Code     2  startup_tm4c123.o(.text)
    UART2_Handler                            0x000003a9   Thumb Code     2  startup_tm4c123.o(.text)
    SSI1_Handler                             0x000003ab   Thumb Code     2  startup_tm4c123.o(.text)
    TIMER3A_Handler                          0x000003ad   Thumb Code     2  startup_tm4c123.o(.text)
    TIMER3B_Handler                          0x000003af   Thumb Code     2  startup_tm4c123.o(.text)
    I2C1_Handler                             0x000003b1   Thumb Code     2  startup_tm4c123.o(.text)
    QEI1_Handler                             0x000003b3   Thumb Code     2  startup_tm4c123.o(.text)
    CAN0_Handler                             0x000003b5   Thumb Code     2  startup_tm4c123.o(.text)
    CAN1_Handler                             0x000003b7   Thumb Code     2  startup_tm4c123.o(.text)
    CAN2_Handler                             0x000003b9   Thumb Code     2  startup_tm4c123.o(.text)
    HIB_Handler                              0x000003bb   Thumb Code     2  startup_tm4c123.o(.text)
    USB0_Handler                             0x000003bd   Thumb Code     2  startup_tm4c123.o(.text)
    PWM0_3_Handler                           0x000003bf   Thumb Code     2  startup_tm4c123.o(.text)
    UDMA_Handler                             0x000003c1   Thumb Code     2  startup_tm4c123.o(.text)
    UDMAERR_Handler                          0x000003c3   Thumb Code     2  startup_tm4c123.o(.text)
    ADC1SS0_Handler                          0x000003c5   Thumb Code     2  startup_tm4c123.o(.text)
    ADC1SS1_Handler                          0x000003c7   Thumb Code     2  startup_tm4c123.o(.text)
    ADC1SS2_Handler                          0x000003c9   Thumb Code     2  startup_tm4c123.o(.text)
    ADC1SS3_Handler                          0x000003cb   Thumb Code     2  startup_tm4c123.o(.text)
    GPIOJ_Handler                            0x000003cd   Thumb Code     2  startup_tm4c123.o(.text)
    GPIOK_Handler                            0x000003cf   Thumb Code     2  startup_tm4c123.o(.text)
    GPIOL_Handler                            0x000003d1   Thumb Code     2  startup_tm4c123.o(.text)
    SSI2_Handler                             0x000003d3   Thumb Code     2  startup_tm4c123.o(.text)
    SSI3_Handler                             0x000003d5   Thumb Code     2  startup_tm4c123.o(.text)
    UART3_Handler                            0x000003d7   Thumb Code     2  startup_tm4c123.o(.text)
    UART4_Handler                            0x000003d9   Thumb Code     2  startup_tm4c123.o(.text)
    UART5_Handler                            0x000003db   Thumb Code     2  startup_tm4c123.o(.text)
    UART6_Handler                            0x000003dd   Thumb Code     2  startup_tm4c123.o(.text)
    UART7_Handler                            0x000003df   Thumb Code     2  startup_tm4c123.o(.text)
    I2C2_Handler                             0x000003e1   Thumb Code     2  startup_tm4c123.o(.text)
    I2C3_Handler                             0x000003e3   Thumb Code     2  startup_tm4c123.o(.text)
    TIMER4A_Handler                          0x000003e5   Thumb Code     2  startup_tm4c123.o(.text)
    TIMER4B_Handler                          0x000003e7   Thumb Code     2  startup_tm4c123.o(.text)
    TIMER5A_Handler                          0x000003e9   Thumb Code     2  startup_tm4c123.o(.text)
    TIMER5B_Handler                          0x000003eb   Thumb Code     2  startup_tm4c123.o(.text)
    WTIMER0A_Handler                         0x000003ed   Thumb Code     2  startup_tm4c123.o(.text)
    WTIMER0B_Handler                         0x000003ef   Thumb Code     2  startup_tm4c123.o(.text)
    WTIMER1A_Handler                         0x000003f1   Thumb Code     2  startup_tm4c123.o(.text)
    WTIMER1B_Handler                         0x000003f3   Thumb Code     2  startup_tm4c123.o(.text)
    WTIMER2A_Handler                         0x000003f5   Thumb Code     2  startup_tm4c123.o(.text)
    WTIMER2B_Handler                         0x000003f7   Thumb Code     2  startup_tm4c123.o(.text)
    WTIMER3A_Handler                         0x000003f9   Thumb Code     2  startup_tm4c123.o(.text)
    WTIMER3B_Handler                         0x000003fb   Thumb Code     2  startup_tm4c123.o(.text)
    WTIMER4A_Handler                         0x000003fd   Thumb Code     2  startup_tm4c123.o(.text)
    WTIMER4B_Handler                         0x000003ff   Thumb Code     2  startup_tm4c123.o(.text)
    WTIMER5A_Handler                         0x00000401   Thumb Code     2  startup_tm4c123.o(.text)
    WTIMER5B_Handler                         0x00000403   Thumb Code     2  startup_tm4c123.o(.text)
    FPU_Handler                              0x00000405   Thumb Code     2  startup_tm4c123.o(.text)
    I2C4_Handler                             0x00000407   Thumb Code     2  startup_tm4c123.o(.text)
    I2C5_Handler                             0x00000409   Thumb Code     2  startup_tm4c123.o(.text)
    GPIOM_Handler                            0x0000040b   Thumb Code     2  startup_tm4c123.o(.text)
    GPION_Handler                            0x0000040d   Thumb Code     2  startup_tm4c123.o(.text)
    QEI2_Handler                             0x0000040f   Thumb Code     2  startup_tm4c123.o(.text)
    GPIOP0_Handler                           0x00000411   Thumb Code     2  startup_tm4c123.o(.text)
    GPIOP1_Handler                           0x00000413   Thumb Code     2  startup_tm4c123.o(.text)
    GPIOP2_Handler                           0x00000415   Thumb Code     2  startup_tm4c123.o(.text)
    GPIOP3_Handler                           0x00000417   Thumb Code     2  startup_tm4c123.o(.text)
    GPIOP4_Handler                           0x00000419   Thumb Code     2  startup_tm4c123.o(.text)
    GPIOP5_Handler                           0x0000041b   Thumb Code     2  startup_tm4c123.o(.text)
    GPIOP6_Handler                           0x0000041d   Thumb Code     2  startup_tm4c123.o(.text)
    GPIOP7_Handler                           0x0000041f   Thumb Code     2  startup_tm4c123.o(.text)
    GPIOQ0_Handler                           0x00000421   Thumb Code     2  startup_tm4c123.o(.text)
    GPIOQ1_Handler                           0x00000423   Thumb Code     2  startup_tm4c123.o(.text)
    GPIOQ2_Handler                           0x00000425   Thumb Code     2  startup_tm4c123.o(.text)
    GPIOQ3_Handler                           0x00000427   Thumb Code     2  startup_tm4c123.o(.text)
    GPIOQ4_Handler                           0x00000429   Thumb Code     2  startup_tm4c123.o(.text)
    GPIOQ5_Handler                           0x0000042b   Thumb Code     2  startup_tm4c123.o(.text)
    GPIOQ6_Handler                           0x0000042d   Thumb Code     2  startup_tm4c123.o(.text)
    GPIOQ7_Handler                           0x0000042f   Thumb Code     2  startup_tm4c123.o(.text)
    GPIOR_Handler                            0x00000431   Thumb Code     2  startup_tm4c123.o(.text)
    GPIOS_Handler                            0x00000433   Thumb Code     2  startup_tm4c123.o(.text)
    PMW1_0_Handler                           0x00000435   Thumb Code     2  startup_tm4c123.o(.text)
    PWM1_1_Handler                           0x00000437   Thumb Code     2  startup_tm4c123.o(.text)
    PWM1_2_Handler                           0x00000439   Thumb Code     2  startup_tm4c123.o(.text)
    PWM1_3_Handler                           0x0000043b   Thumb Code     2  startup_tm4c123.o(.text)
    PWM1_FAULT_Handler                       0x0000043d   Thumb Code     2  startup_tm4c123.o(.text)
    __user_initial_stackheap                 0x00000441   Thumb Code     0  startup_tm4c123.o(.text)
    __use_two_region_memory                  0x00000461   Thumb Code     2  heapauxi.o(.text)
    __rt_heap_escrow$2region                 0x00000463   Thumb Code     2  heapauxi.o(.text)
    __rt_heap_expand$2region                 0x00000465   Thumb Code     2  heapauxi.o(.text)
    __user_setup_stackheap                   0x00000467   Thumb Code    74  sys_stackheap_outer.o(.text)
    exit                                     0x000004b1   Thumb Code    18  exit.o(.text)
    __user_libspace                          0x000004c5   Thumb Code     8  libspace.o(.text)
    __user_perproc_libspace                  0x000004c5   Thumb Code     0  libspace.o(.text)
    __user_perthread_libspace                0x000004c5   Thumb Code     0  libspace.o(.text)
    _sys_exit                                0x000004cd   Thumb Code     8  sys_exit.o(.text)
    __I$use$semihosting                      0x000004d9   Thumb Code     0  use_no_semi.o(.text)
    __use_no_semihosting_swi                 0x000004d9   Thumb Code     2  use_no_semi.o(.text)
    __semihosting_library_function           0x000004db   Thumb Code     0  indicate_semi.o(.text)
    Blink_Start2                             0x000004dd   Thumb Code    72  blink.o(i.Blink_Start2)
    Blink_Stop                               0x00000529   Thumb Code    22  blink.o(i.Blink_Stop)
    Blinking_CallBack2                       0x00000545   Thumb Code    18  blink.o(i.Blinking_CallBack2)
    Button_GetState                          0x00000561   Thumb Code    52  button.o(i.Button_GetState)
    Button_Init                              0x00000595   Thumb Code    10  button.o(i.Button_Init)
    Dio_FlipChannel                          0x000005a5   Thumb Code   572  dio.o(i.Dio_FlipChannel)
    Dio_ReadChannel                          0x00000811   Thumb Code   268  dio.o(i.Dio_ReadChannel)
    Dio_WriteChannel                         0x00000939   Thumb Code   374  dio.o(i.Dio_WriteChannel)
    Gpt_Init                                 0x00000ae1   Thumb Code   436  gpt.o(i.Gpt_Init)
    Gpt_Notification_0                       0x00000cc9   Thumb Code    20  gpt_lcfg.o(i.Gpt_Notification_0)
    Gpt_Notification_1                       0x00000ce1   Thumb Code    12  gpt_lcfg.o(i.Gpt_Notification_1)
    Gpt_Notification_10                      0x00000cf1   Thumb Code     2  gpt_lcfg.o(i.Gpt_Notification_10)
    Gpt_Notification_11                      0x00000cf3   Thumb Code     2  gpt_lcfg.o(i.Gpt_Notification_11)
    Gpt_Notification_2                       0x00000cf5   Thumb Code     2  gpt_lcfg.o(i.Gpt_Notification_2)
    Gpt_Notification_3                       0x00000cf7   Thumb Code     2  gpt_lcfg.o(i.Gpt_Notification_3)
    Gpt_Notification_4                       0x00000cf9   Thumb Code     2  gpt_lcfg.o(i.Gpt_Notification_4)
    Gpt_Notification_5                       0x00000cfb   Thumb Code     2  gpt_lcfg.o(i.Gpt_Notification_5)
    Gpt_Notification_6                       0x00000cfd   Thumb Code     2  gpt_lcfg.o(i.Gpt_Notification_6)
    Gpt_Notification_7                       0x00000cff   Thumb Code     2  gpt_lcfg.o(i.Gpt_Notification_7)
    Gpt_Notification_8                       0x00000d01   Thumb Code     2  gpt_lcfg.o(i.Gpt_Notification_8)
    Gpt_Notification_9                       0x00000d03   Thumb Code     2  gpt_lcfg.o(i.Gpt_Notification_9)
    Gpt_StartTimer                           0x00000d05   Thumb Code   204  gpt.o(i.Gpt_StartTimer)
    Gpt_StopTimer                            0x00000e05   Thumb Code   100  gpt.o(i.Gpt_StopTimer)
    IntCtrl_EnableInterrupt                  0x00000e9d   Thumb Code   346  intctrl.o(i.IntCtrl_EnableInterrupt)
    Led_Init                                 0x00001005   Thumb Code    10  led.o(i.Led_Init)
    Led_Toggle                               0x00001015   Thumb Code    12  led.o(i.Led_Toggle)
    Led_TurnOff                              0x00001021   Thumb Code    14  led.o(i.Led_TurnOff)
    Port_Init                                0x00001031   Thumb Code  1240  port.o(i.Port_Init)
    SystemInit                               0x00001509   Thumb Code   112  system_tm4c123.o(i.SystemInit)
    TIMER0A_Handler                          0x000015a1   Thumb Code    30  gpt_lcfg.o(i.TIMER0A_Handler)
    TIMER1A_Handler                          0x000015c9   Thumb Code    30  gpt_lcfg.o(i.TIMER1A_Handler)
    app_init                                 0x000015f1   Thumb Code    20  app.o(i.app_init)
    app_start                                0x00001605   Thumb Code   140  app.o(i.app_start)
    blink_init                               0x0000169d   Thumb Code    62  blink.o(i.blink_init)
    main                                     0x000016ed   Thumb Code    12  main.o(i.main)
    pwm_G                                    0x000016f9   Thumb Code    42  app.o(i.pwm_G)
    _fp_init                                 0x00001731   Thumb Code    10  fpinit.o(x$fpl$fpinit)
    __fplib_config_fpu_vfp                   0x00001739   Thumb Code     0  fpinit.o(x$fpl$fpinit)
    __fplib_config_pureend_doubles           0x00001739   Thumb Code     0  fpinit.o(x$fpl$fpinit)
    configList                               0x0000173a   Data          10  dio_lcfg.o(.constdata)
    Port_ConfigType                          0x00001744   Data         344  port_lcfg.o(.constdata)
    Region$$Table$$Base                      0x0000189c   Number         0  anon$$obj.o(Region$$Table)
    Region$$Table$$Limit                     0x000018bc   Number         0  anon$$obj.o(Region$$Table)
    onPeriod                                 0x20000000   Data           2  app.o(.data)
    offPeriod                                0x20000002   Data           2  app.o(.data)
    WaveTime                                 0x20000004   Data           2  app.o(.data)
    Timer0_Counter                           0x20000010   Data           4  gpt_lcfg.o(.data)
    Gpt_Config                               0x20000018   Data         384  gpt_lcfg.o(.data)
    IntCtrl_Config                           0x20000198   Data         102  intctrl_lcfg.o(.data)
    __libspace_start                         0x20000200   Data          96  libspace.o(.bss)
    __temporary_stack_top$libspace           0x20000260   Data           0  libspace.o(.bss)



==============================================================================

Memory Map of the image

  Image Entry point : 0x0000034d

  Load Region LR_1 (Base: 0x00000000, Size: 0x00001abc, Max: 0xffffffff, ABSOLUTE, COMPRESSED[0x0000196c])

    Execution Region ER_RO (Exec base: 0x00000000, Load base: 0x00000000, Size: 0x000018bc, Max: 0xffffffff, ABSOLUTE)

    Exec Addr    Load Addr    Size         Type   Attr      Idx    E Section Name        Object

    0x00000000   0x00000000   0x0000026c   Data   RO          491    RESET               startup_tm4c123.o
    0x0000026c   0x0000026c   0x00000008   Code   RO          569  * !!!main             c_w.l(__main.o)
    0x00000274   0x00000274   0x00000034   Code   RO          738    !!!scatter          c_w.l(__scatter.o)
    0x000002a8   0x000002a8   0x0000005a   Code   RO          736    !!dczerorl2         c_w.l(__dczerorl2.o)
    0x00000302   0x00000302   0x00000002   PAD
    0x00000304   0x00000304   0x0000001c   Code   RO          740    !!handler_zi        c_w.l(__scatter_zi.o)
    0x00000320   0x00000320   0x00000002   Code   RO          606    .ARM.Collect$$libinit$$00000000  c_w.l(libinit.o)
    0x00000322   0x00000322   0x00000004   Code   RO          618    .ARM.Collect$$libinit$$00000001  c_w.l(libinit2.o)
    0x00000326   0x00000326   0x00000000   Code   RO          621    .ARM.Collect$$libinit$$00000004  c_w.l(libinit2.o)
    0x00000326   0x00000326   0x00000000   Code   RO          624    .ARM.Collect$$libinit$$0000000A  c_w.l(libinit2.o)
    0x00000326   0x00000326   0x00000000   Code   RO          626    .ARM.Collect$$libinit$$0000000C  c_w.l(libinit2.o)
    0x00000326   0x00000326   0x00000000   Code   RO          628    .ARM.Collect$$libinit$$0000000E  c_w.l(libinit2.o)
    0x00000326   0x00000326   0x00000000   Code   RO          631    .ARM.Collect$$libinit$$00000011  c_w.l(libinit2.o)
    0x00000326   0x00000326   0x00000000   Code   RO          633    .ARM.Collect$$libinit$$00000013  c_w.l(libinit2.o)
    0x00000326   0x00000326   0x00000000   Code   RO          635    .ARM.Collect$$libinit$$00000015  c_w.l(libinit2.o)
    0x00000326   0x00000326   0x00000000   Code   RO          637    .ARM.Collect$$libinit$$00000017  c_w.l(libinit2.o)
    0x00000326   0x00000326   0x00000000   Code   RO          639    .ARM.Collect$$libinit$$00000019  c_w.l(libinit2.o)
    0x00000326   0x00000326   0x00000000   Code   RO          641    .ARM.Collect$$libinit$$0000001B  c_w.l(libinit2.o)
    0x00000326   0x00000326   0x00000000   Code   RO          643    .ARM.Collect$$libinit$$0000001D  c_w.l(libinit2.o)
    0x00000326   0x00000326   0x00000000   Code   RO          645    .ARM.Collect$$libinit$$0000001F  c_w.l(libinit2.o)
    0x00000326   0x00000326   0x00000000   Code   RO          647    .ARM.Collect$$libinit$$00000021  c_w.l(libinit2.o)
    0x00000326   0x00000326   0x00000000   Code   RO          649    .ARM.Collect$$libinit$$00000023  c_w.l(libinit2.o)
    0x00000326   0x00000326   0x00000000   Code   RO          651    .ARM.Collect$$libinit$$00000025  c_w.l(libinit2.o)
    0x00000326   0x00000326   0x00000000   Code   RO          655    .ARM.Collect$$libinit$$0000002C  c_w.l(libinit2.o)
    0x00000326   0x00000326   0x00000000   Code   RO          657    .ARM.Collect$$libinit$$0000002E  c_w.l(libinit2.o)
    0x00000326   0x00000326   0x00000000   Code   RO          659    .ARM.Collect$$libinit$$00000030  c_w.l(libinit2.o)
    0x00000326   0x00000326   0x00000000   Code   RO          661    .ARM.Collect$$libinit$$00000032  c_w.l(libinit2.o)
    0x00000326   0x00000326   0x00000002   Code   RO          662    .ARM.Collect$$libinit$$00000033  c_w.l(libinit2.o)
    0x00000328   0x00000328   0x00000002   Code   RO          693    .ARM.Collect$$libshutdown$$00000000  c_w.l(libshutdown.o)
    0x0000032a   0x0000032a   0x00000000   Code   RO          719    .ARM.Collect$$libshutdown$$00000002  c_w.l(libshutdown2.o)
    0x0000032a   0x0000032a   0x00000000   Code   RO          721    .ARM.Collect$$libshutdown$$00000004  c_w.l(libshutdown2.o)
    0x0000032a   0x0000032a   0x00000000   Code   RO          724    .ARM.Collect$$libshutdown$$00000007  c_w.l(libshutdown2.o)
    0x0000032a   0x0000032a   0x00000000   Code   RO          727    .ARM.Collect$$libshutdown$$0000000A  c_w.l(libshutdown2.o)
    0x0000032a   0x0000032a   0x00000000   Code   RO          729    .ARM.Collect$$libshutdown$$0000000C  c_w.l(libshutdown2.o)
    0x0000032a   0x0000032a   0x00000000   Code   RO          732    .ARM.Collect$$libshutdown$$0000000F  c_w.l(libshutdown2.o)
    0x0000032a   0x0000032a   0x00000002   Code   RO          733    .ARM.Collect$$libshutdown$$00000010  c_w.l(libshutdown2.o)
    0x0000032c   0x0000032c   0x00000000   Code   RO          571    .ARM.Collect$$rtentry$$00000000  c_w.l(__rtentry.o)
    0x0000032c   0x0000032c   0x00000000   Code   RO          577    .ARM.Collect$$rtentry$$00000002  c_w.l(__rtentry2.o)
    0x0000032c   0x0000032c   0x00000006   Code   RO          589    .ARM.Collect$$rtentry$$00000004  c_w.l(__rtentry4.o)
    0x00000332   0x00000332   0x00000000   Code   RO          579    .ARM.Collect$$rtentry$$00000009  c_w.l(__rtentry2.o)
    0x00000332   0x00000332   0x00000004   Code   RO          580    .ARM.Collect$$rtentry$$0000000A  c_w.l(__rtentry2.o)
    0x00000336   0x00000336   0x00000000   Code   RO          582    .ARM.Collect$$rtentry$$0000000C  c_w.l(__rtentry2.o)
    0x00000336   0x00000336   0x00000008   Code   RO          583    .ARM.Collect$$rtentry$$0000000D  c_w.l(__rtentry2.o)
    0x0000033e   0x0000033e   0x00000002   Code   RO          610    .ARM.Collect$$rtexit$$00000000  c_w.l(rtexit.o)
    0x00000340   0x00000340   0x00000000   Code   RO          666    .ARM.Collect$$rtexit$$00000002  c_w.l(rtexit2.o)
    0x00000340   0x00000340   0x00000004   Code   RO          667    .ARM.Collect$$rtexit$$00000003  c_w.l(rtexit2.o)
    0x00000344   0x00000344   0x00000006   Code   RO          668    .ARM.Collect$$rtexit$$00000004  c_w.l(rtexit2.o)
    0x0000034a   0x0000034a   0x00000002   PAD
    0x0000034c   0x0000034c   0x00000114   Code   RO          492  * .text               startup_tm4c123.o
    0x00000460   0x00000460   0x00000006   Code   RO          567    .text               c_w.l(heapauxi.o)
    0x00000466   0x00000466   0x0000004a   Code   RO          593    .text               c_w.l(sys_stackheap_outer.o)
    0x000004b0   0x000004b0   0x00000012   Code   RO          595    .text               c_w.l(exit.o)
    0x000004c2   0x000004c2   0x00000002   PAD
    0x000004c4   0x000004c4   0x00000008   Code   RO          607    .text               c_w.l(libspace.o)
    0x000004cc   0x000004cc   0x0000000c   Code   RO          663    .text               c_w.l(sys_exit.o)
    0x000004d8   0x000004d8   0x00000002   Code   RO          682    .text               c_w.l(use_no_semi.o)
    0x000004da   0x000004da   0x00000000   Code   RO          684    .text               c_w.l(indicate_semi.o)
    0x000004da   0x000004da   0x00000002   PAD
    0x000004dc   0x000004dc   0x0000004c   Code   RO           88    i.Blink_Start2      blink.o
    0x00000528   0x00000528   0x0000001c   Code   RO           89    i.Blink_Stop        blink.o
    0x00000544   0x00000544   0x0000001c   Code   RO           91    i.Blinking_CallBack2  blink.o
    0x00000560   0x00000560   0x00000034   Code   RO          134    i.Button_GetState   button.o
    0x00000594   0x00000594   0x00000010   Code   RO          135    i.Button_Init       button.o
    0x000005a4   0x000005a4   0x0000026c   Code   RO          152    i.Dio_FlipChannel   dio.o
    0x00000810   0x00000810   0x00000128   Code   RO          153    i.Dio_ReadChannel   dio.o
    0x00000938   0x00000938   0x000001a8   Code   RO          155    i.Dio_WriteChannel  dio.o
    0x00000ae0   0x00000ae0   0x000001e8   Code   RO          211    i.Gpt_Init          gpt.o
    0x00000cc8   0x00000cc8   0x00000018   Code   RO          273    i.Gpt_Notification_0  gpt_lcfg.o
    0x00000ce0   0x00000ce0   0x00000010   Code   RO          274    i.Gpt_Notification_1  gpt_lcfg.o
    0x00000cf0   0x00000cf0   0x00000002   Code   RO          275    i.Gpt_Notification_10  gpt_lcfg.o
    0x00000cf2   0x00000cf2   0x00000002   Code   RO          276    i.Gpt_Notification_11  gpt_lcfg.o
    0x00000cf4   0x00000cf4   0x00000002   Code   RO          277    i.Gpt_Notification_2  gpt_lcfg.o
    0x00000cf6   0x00000cf6   0x00000002   Code   RO          278    i.Gpt_Notification_3  gpt_lcfg.o
    0x00000cf8   0x00000cf8   0x00000002   Code   RO          279    i.Gpt_Notification_4  gpt_lcfg.o
    0x00000cfa   0x00000cfa   0x00000002   Code   RO          280    i.Gpt_Notification_5  gpt_lcfg.o
    0x00000cfc   0x00000cfc   0x00000002   Code   RO          281    i.Gpt_Notification_6  gpt_lcfg.o
    0x00000cfe   0x00000cfe   0x00000002   Code   RO          282    i.Gpt_Notification_7  gpt_lcfg.o
    0x00000d00   0x00000d00   0x00000002   Code   RO          283    i.Gpt_Notification_8  gpt_lcfg.o
    0x00000d02   0x00000d02   0x00000002   Code   RO          284    i.Gpt_Notification_9  gpt_lcfg.o
    0x00000d04   0x00000d04   0x00000100   Code   RO          212    i.Gpt_StartTimer    gpt.o
    0x00000e04   0x00000e04   0x00000098   Code   RO          213    i.Gpt_StopTimer     gpt.o
    0x00000e9c   0x00000e9c   0x00000168   Code   RO          386    i.IntCtrl_EnableInterrupt  intctrl.o
    0x00001004   0x00001004   0x00000010   Code   RO          420    i.Led_Init          led.o
    0x00001014   0x00001014   0x0000000c   Code   RO          422    i.Led_Toggle        led.o
    0x00001020   0x00001020   0x0000000e   Code   RO          423    i.Led_TurnOff       led.o
    0x0000102e   0x0000102e   0x00000002   PAD
    0x00001030   0x00001030   0x000004d8   Code   RO          456    i.Port_Init         port.o
    0x00001508   0x00001508   0x00000098   Code   RO          501    i.SystemInit        system_tm4c123.o
    0x000015a0   0x000015a0   0x00000028   Code   RO          285    i.TIMER0A_Handler   gpt_lcfg.o
    0x000015c8   0x000015c8   0x00000028   Code   RO          286    i.TIMER1A_Handler   gpt_lcfg.o
    0x000015f0   0x000015f0   0x00000014   Code   RO            1    i.app_init          app.o
    0x00001604   0x00001604   0x00000098   Code   RO            2    i.app_start         app.o
    0x0000169c   0x0000169c   0x00000050   Code   RO           92    i.blink_init        blink.o
    0x000016ec   0x000016ec   0x0000000c   Code   RO          477    i.main              main.o
    0x000016f8   0x000016f8   0x00000038   Code   RO            3    i.pwm_G             app.o
    0x00001730   0x00001730   0x0000000a   Code   RO          678    x$fpl$fpinit        fz_wm.l(fpinit.o)
    0x0000173a   0x0000173a   0x0000000a   Data   RO          194    .constdata          dio_lcfg.o
    0x00001744   0x00001744   0x00000158   Data   RO          468    .constdata          port_lcfg.o
    0x0000189c   0x0000189c   0x00000020   Data   RO          734    Region$$Table       anon$$obj.o


    Execution Region ER_RW (Exec base: 0x20000000, Load base: 0x000018bc, Size: 0x00000200, Max: 0xffffffff, ABSOLUTE, COMPRESSED[0x000000b0])

    Exec Addr    Load Addr    Size         Type   Attr      Idx    E Section Name        Object

    0x20000000   COMPRESSED   0x00000006   Data   RW            4    .data               app.o
    0x20000006   COMPRESSED   0x00000003   Data   RW           93    .data               blink.o
    0x20000009   COMPRESSED   0x00000007   PAD
    0x20000010   COMPRESSED   0x00000188   Data   RW          287    .data               gpt_lcfg.o
    0x20000198   COMPRESSED   0x00000066   Data   RW          408    .data               intctrl_lcfg.o


    Execution Region ER_ZI (Exec base: 0x20000200, Load base: 0x0000196c, Size: 0x00000260, Max: 0xffffffff, ABSOLUTE)

    Exec Addr    Load Addr    Size         Type   Attr      Idx    E Section Name        Object

    0x20000200        -       0x00000060   Zero   RW          608    .bss                c_w.l(libspace.o)
    0x20000260        -       0x00000000   Zero   RW          490    HEAP                startup_tm4c123.o
    0x20000260        -       0x00000200   Zero   RW          489    STACK               startup_tm4c123.o


==============================================================================

Image component sizes


      Code (inc. data)   RO Data    RW Data    ZI Data      Debug   Object Name

       228         26          0          6          0       9185   app.o
       212         38          0          3          0       2826   blink.o
        68          6          0          0          0       1096   button.o
      1340        144          0          0          0       1955   dio.o
         0          0         10          0          0       1545   dio_lcfg.o
       896        192          0          0          0       6421   gpt.o
       140         28          0        392          0       6354   gpt_lcfg.o
       360         14          0          0          0       1362   intctrl.o
         0          0          0        102          0        625   intctrl_lcfg.o
        42          6          0          0          0       1402   led.o
        12          0          0          0          0        435   main.o
      1240         36          0          0          0       1384   port.o
         0          0        344          0          0        578   port_lcfg.o
       276         24        620          0        512       5472   startup_tm4c123.o
       152         40          0          0          0       3649   system_tm4c123.o

    ----------------------------------------------------------------------
      4968        554       1006        512        512      44289   Object Totals
         0          0         32          0          0          0   (incl. Generated)
         2          0          0          9          0          0   (incl. Padding)

    ----------------------------------------------------------------------

      Code (inc. data)   RO Data    RW Data    ZI Data      Debug   Library Member Name

        90          0          0          0          0          0   __dczerorl2.o
         8          0          0          0          0         68   __main.o
         0          0          0          0          0          0   __rtentry.o
        12          0          0          0          0          0   __rtentry2.o
         6          0          0          0          0          0   __rtentry4.o
        52          8          0          0          0          0   __scatter.o
        28          0          0          0          0          0   __scatter_zi.o
        18          0          0          0          0         80   exit.o
         6          0          0          0          0        152   heapauxi.o
         0          0          0          0          0          0   indicate_semi.o
         2          0          0          0          0          0   libinit.o
         6          0          0          0          0          0   libinit2.o
         2          0          0          0          0          0   libshutdown.o
         2          0          0          0          0          0   libshutdown2.o
         8          4          0          0         96         68   libspace.o
         2          0          0          0          0          0   rtexit.o
        10          0          0          0          0          0   rtexit2.o
        12          4          0          0          0         68   sys_exit.o
        74          0          0          0          0         80   sys_stackheap_outer.o
         2          0          0          0          0         68   use_no_semi.o
        10          0          0          0          0        116   fpinit.o

    ----------------------------------------------------------------------
       358         16          0          0         96        700   Library Totals
         8          0          0          0          0          0   (incl. Padding)

    ----------------------------------------------------------------------

      Code (inc. data)   RO Data    RW Data    ZI Data      Debug   Library Name

       340         16          0          0         96        584   c_w.l
        10          0          0          0          0        116   fz_wm.l

    ----------------------------------------------------------------------
       358         16          0          0         96        700   Library Totals

    ----------------------------------------------------------------------

==============================================================================


      Code (inc. data)   RO Data    RW Data    ZI Data      Debug   

      5326        570       1006        512        608      41733   Grand Totals
      5326        570       1006        176        608      41733   ELF Image Totals (compressed)
      5326        570       1006        176          0          0   ROM Totals

==============================================================================

    Total RO  Size (Code + RO Data)                 6332 (   6.18kB)
    Total RW  Size (RW Data + ZI Data)              1120 (   1.09kB)
    Total ROM Size (Code + RO Data + RW Data)       6508 (   6.36kB)

==============================================================================

